tsconfig.json(26,27): error TS5103: Invalid value for '--ignoreDeprecations'.
